{
    "data": {
        "normalPerson": {
            "name": "David"
        },
        "adminPerson": {
            "name": "Also David, but better"
        }
    }
}
