{
    "data": {
        "normalUser": {
            "type": "NormalUser"
        },
        "adminUser": {
            "type": "Admin"
        }
    }
}
