{
    "data": {
        "scirocco": {
            "id": "1",
            "name": "Volkswagen Scirocco"
        },
        "c43": {
            "id": "2",
            "name": "Mercedes C43"
        }
    }
}
