{
    "data": {
        "GetUsersUsingIterators": [
            {
                "id": "1",
                "type": "NormalUser"
            },
            {
                "id": "2",
                "type": "Admin"
            }
        ]
    }
}
