{
    "data": {
        "GetDateTime": {
            "iso8601": "2023-11-24T12:34:56+00:00",
            "ymd": "2023-11-24",
            "hms": "12:34:56",
            "tz": "Z"
        }
    }
}
