{
    "data": {
        "GetPersonOrPetContainer": [
            {
                "__typename": "Person",
                "name": "David"
            },
            {
                "__typename": "Pet",
                "name": "Nox"
            }
        ]
    }
}
