{
    "errors": [
        {
            "message": "Syntax Error: Expected Name, found )",
            "locations": [
                {
                    "line": 1,
                    "column": 18
                }
            ]
        }
    ]
}
