{
    "data": {
        "GetPersonOrPet": [
            {
                "personOrPet": {
                    "__typename": "Person",
                    "name": "David"
                }
            },
            {
                "personOrPet": {
                    "__typename": "Pet",
                    "name": "Nox"
                }
            }
        ],
        "GetFamilyMembers": [
            {
                "personOrPet": {
                    "__typename": "Person",
                    "name": "David"
                }
            },
            {
                "personOrPet": {
                    "__typename": "Pet",
                    "name": "Nox"
                }
            }
        ]
    }
}
